// Jest Snapshot v1, https://goo.gl/fbAQLP

exports[`Gift Render correctly 1`] = `ShallowWrapper {}`;
